// Jest Snapshot v1, https://goo.gl/fbAQLP

exports[`UsersComponent should match snapshot 1`] = `
<div
  id="root1"
>
  <div
    class="users-list"
  >
    
  </div>
</div>
`;

exports[`UsersComponent should render users 1`] = `
<div
  id="root2"
>
  <div
    class="users-list"
  >
    <app-user>
      <a
        class="user"
        href="https://github.com/ces"
        target="_blank"
      >
        <div
          class="user-info"
        >
          <img
            alt="user_avatar"
            src="https://avatars.githubusercontent.com/u/112995?v=4"
          />
        </div>
        <h3
          class="user-name truncate"
        >
          ces
        </h3>
        <p
          class="user-type"
        >
          User
        </p>
      </a>
    </app-user>
    <app-user>
      <a
        class="user"
        href="https://github.com/cescoffier"
        target="_blank"
      >
        <div
          class="user-info"
        >
          <img
            alt="user_avatar"
            src="https://avatars.githubusercontent.com/u/402301?v=4"
          />
        </div>
        <h3
          class="user-name truncate"
        >
          cescoffier
        </h3>
        <p
          class="user-type"
        >
          User
        </p>
      </a>
    </app-user>
    <app-user>
      <a
        class="user"
        href="https://github.com/cespare"
        target="_blank"
      >
        <div
          class="user-info"
        >
          <img
            alt="user_avatar"
            src="https://avatars.githubusercontent.com/u/318501?v=4"
          />
        </div>
        <h3
          class="user-name truncate"
        >
          cespare
        </h3>
        <p
          class="user-type"
        >
          User
        </p>
      </a>
    </app-user>
    <app-user>
      <a
        class="user"
        href="https://github.com/cesarferreira"
        target="_blank"
      >
        <div
          class="user-info"
        >
          <img
            alt="user_avatar"
            src="https://avatars.githubusercontent.com/u/277426?v=4"
          />
        </div>
        <h3
          class="user-name truncate"
        >
          cesarferreira
        </h3>
        <p
          class="user-type"
        >
          User
        </p>
      </a>
    </app-user>
    <app-user>
      <a
        class="user"
        href="https://github.com/Cesar-Hack-Gray"
        target="_blank"
      >
        <div
          class="user-info"
        >
          <img
            alt="user_avatar"
            src="https://avatars.githubusercontent.com/u/46208706?v=4"
          />
        </div>
        <h3
          class="user-name truncate"
        >
          Cesar-Hack-Gray
        </h3>
        <p
          class="user-type"
        >
          User
        </p>
      </a>
    </app-user>
    <app-user>
      <a
        class="user"
        href="https://github.com/cesine"
        target="_blank"
      >
        <div
          class="user-info"
        >
          <img
            alt="user_avatar"
            src="https://avatars.githubusercontent.com/u/196199?v=4"
          />
        </div>
        <h3
          class="user-name truncate"
        >
          cesine
        </h3>
        <p
          class="user-type"
        >
          User
        </p>
      </a>
    </app-user>
    <app-user>
      <a
        class="user"
        href="https://github.com/CESARDELATORRE"
        target="_blank"
      >
        <div
          class="user-info"
        >
          <img
            alt="user_avatar"
            src="https://avatars.githubusercontent.com/u/1712635?v=4"
          />
        </div>
        <h3
          class="user-name truncate"
        >
          CESARDELATORRE
        </h3>
        <p
          class="user-type"
        >
          User
        </p>
      </a>
    </app-user>
    <app-user>
      <a
        class="user"
        href="https://github.com/ceshine"
        target="_blank"
      >
        <div
          class="user-info"
        >
          <img
            alt="user_avatar"
            src="https://avatars.githubusercontent.com/u/674501?v=4"
          />
        </div>
        <h3
          class="user-name truncate"
        >
          ceshine
        </h3>
        <p
          class="user-type"
        >
          User
        </p>
      </a>
    </app-user>
    <app-user>
      <a
        class="user"
        href="https://github.com/byterider"
        target="_blank"
      >
        <div
          class="user-info"
        >
          <img
            alt="user_avatar"
            src="https://avatars.githubusercontent.com/u/3521182?v=4"
          />
        </div>
        <h3
          class="user-name truncate"
        >
          byterider
        </h3>
        <p
          class="user-type"
        >
          User
        </p>
      </a>
    </app-user>
    <app-user>
      <a
        class="user"
        href="https://github.com/byterider"
        target="_blank"
      >
        <div
          class="user-info"
        >
          <img
            alt="user_avatar"
            src="https://avatars.githubusercontent.com/u/3521182?v=4"
          />
        </div>
        <h3
          class="user-name truncate"
        >
          byterider
        </h3>
        <p
          class="user-type"
        >
          User
        </p>
      </a>
    </app-user>
    
  </div>
</div>
`;
